legacy/lemon-squeezy.disabled/create-checkout/route.ts(3,38): error TS2307: Cannot find module '@/lib/lemonsqueezy/config' or its corresponding type declarations.
legacy/lemon-squeezy.disabled/webhook/route.ts(3,38): error TS2307: Cannot find module '@/lib/lemonsqueezy/config' or its corresponding type declarations.
legacy/lemon-squeezy.disabled/webhook/route.ts(5,10): error TS2305: Module '"@/generator/index"' has no exported member 'generateTheme'.
tests/manual-transcript-test.ts(1,54): error TS2307: Cannot find module '../lib/yt/transcript' or its corresponding type declarations.
tests/yt-summary-quality.test.ts(1,37): error TS2307: Cannot find module '@/lib/yt/summarize' or its corresponding type declarations.
tests/yt-summary-quality.test.ts(2,33): error TS2307: Cannot find module '@/lib/yt/metadata' or its corresponding type declarations.
tests/yt-summary.test.ts(1,39): error TS2307: Cannot find module '../lib/yt/validation' or its corresponding type declarations.
